// Jest Snapshot v1, https://goo.gl/fbAQLP

exports[`matches snapshot 1`] = `
<table
  aria-label="Expandable table"
  className="ros-recommendations-table pf-c-table pf-m-grid-md pf-m-compact"
  data-ouia-component-id="OUIA-Generated-Table-2"
  data-ouia-component-type="PF4/Table"
  data-ouia-safe={true}
  role="grid"
>
  <thead
    className=""
  >
    <tr
      className=""
      data-ouia-component-id="OUIA-Generated-TableRow-1"
      data-ouia-component-type="PF4/TableRow"
      data-ouia-safe={true}
      hidden={false}
    >
      <td
        className=""
        data-key={0}
        data-label=""
        onMouseEnter={[Function]}
        scope=""
      >
        
      </td>
      <th
        className=""
        data-key={1}
        data-label="Name"
        onMouseEnter={[Function]}
        scope="col"
      >
        Name
      </th>
    </tr>
  </thead>
  <tbody
    className="pf-m-expanded"
    role="rowgroup"
  >
    <tr
      className=""
      data-ouia-component-id="OUIA-Generated-TableRow-2"
      data-ouia-component-type="PF4/TableRow"
      data-ouia-safe={true}
      hidden={false}
      onMouseDown={[Function]}
    >
      <td
        className="pf-c-table__toggle"
        data-key={0}
        data-label={null}
        onMouseEnter={[Function]}
      >
        <button
          aria-disabled={false}
          aria-expanded={true}
          aria-label="Details"
          aria-labelledby="simple-node0 expandable-toggle0"
          className="pf-c-button pf-m-plain pf-m-expanded"
          data-ouia-component-id="OUIA-Generated-Button-plain-1"
          data-ouia-component-type="PF4/Button"
          data-ouia-safe={true}
          disabled={false}
          id="expandable-toggle0"
          onClick={[Function]}
          role={null}
          type="button"
        >
          <div
            className="pf-c-table__toggle-icon"
          >
            <svg
              aria-hidden={true}
              aria-labelledby={null}
              fill="currentColor"
              height="1em"
              role="img"
              style={
                Object {
                  "verticalAlign": "-0.125em",
                }
              }
              viewBox="0 0 320 512"
              width="1em"
            >
              <path
                d="M143 352.3L7 216.3c-9.4-9.4-9.4-24.6 0-33.9l22.6-22.6c9.4-9.4 24.6-9.4 33.9 0l96.4 96.4 96.4-96.4c9.4-9.4 24.6-9.4 33.9 0l22.6 22.6c9.4 9.4 9.4 24.6 0 33.9l-136 136c-9.2 9.4-24.4 9.4-33.8 0z"
              />
            </svg>
          </div>
        </button>
      </td>
      <td
        className=""
        data-key={1}
        data-label="Name"
        onMouseEnter={[Function]}
      >
        This is test rule description
      </td>
    </tr>
    <tr
      className="pf-c-table__expandable-row pf-m-expanded"
      data-ouia-component-id="OUIA-Generated-TableRow-3"
      data-ouia-component-type="PF4/TableRow"
      data-ouia-safe={true}
      hidden={false}
      onMouseDown={[Function]}
    >
      <td
        className=""
        data-key={0}
        data-label={null}
        onMouseEnter={[Function]}
      />
      <td
        className=""
        colSpan={1}
        data-key={1}
        data-label="Name"
        id="expanded-content1-1"
        onMouseEnter={[Function]}
      >
        <div
          className="pf-c-table__expandable-row-content"
        >
          <div
            className="pf-c-content"
          >
            <p
              className=""
              data-pf-content={true}
            >
              <p
                className=""
                data-pf-content={true}
              >
                <strong>
                  Detected issues
                </strong>
              </p>
              This may be caused due to inappropriate consumption model
            </p>
            <p
              className=""
              data-pf-content={true}
            >
              <p
                className=""
                data-pf-content={true}
              >
                <strong>
                  Recommendation
                </strong>
              </p>
              Please verify this instance
            </p>
          </div>
        </div>
      </td>
    </tr>
  </tbody>
</table>
`;
